// Jest Snapshot v1, https://goo.gl/fbAQLP

exports[`AlertsContent matches a snapshot 1`] = `
<Fragment>
  <Row
    className="align-items-center"
    tag="div"
    widths={
      Array [
        "xs",
        "sm",
        "md",
        "lg",
        "xl",
      ]
    }
  >
    <Col
      className="d-flex"
      lg="4"
      md="5"
      tag="div"
      widths={
        Array [
          "xs",
          "sm",
          "md",
          "lg",
          "xl",
        ]
      }
    >
      <Memo(Checkbox)
        checked={true}
        id="inactive-toggler"
        key="inactive"
        onChange={[Function]}
      >
        <Badge
          className="text-capitalize"
          color="success"
          pill={false}
          tag="span"
        >
          inactive
           (
          0
          )
        </Badge>
      </Memo(Checkbox)>
      <Memo(Checkbox)
        checked={true}
        id="pending-toggler"
        key="pending"
        onChange={[Function]}
      >
        <Badge
          className="text-capitalize"
          color="warning"
          pill={false}
          tag="span"
        >
          pending
           (
          0
          )
        </Badge>
      </Memo(Checkbox)>
      <Memo(Checkbox)
        checked={true}
        id="firing-toggler"
        key="firing"
        onChange={[Function]}
      >
        <Badge
          className="text-capitalize"
          color="danger"
          pill={false}
          tag="span"
        >
          firing
           (
          0
          )
        </Badge>
      </Memo(Checkbox)>
    </Col>
    <Col
      lg="5"
      md="4"
      sm="2"
      tag="div"
      widths={
        Array [
          "xs",
          "sm",
          "md",
          "lg",
          "xl",
        ]
      }
    >
      <InputGroup
        tag="div"
      >
        <InputGroupAddon
          addonType="prepend"
          tag="div"
        >
          <InputGroupText
            tag="span"
          >
            <FontAwesomeIcon
              border={false}
              className=""
              fixedWidth={false}
              flip={null}
              icon={
                Object {
                  "icon": Array [
                    512,
                    512,
                    Array [],
                    "f002",
                    "M505 442.7L405.3 343c-4.5-4.5-10.6-7-17-7H372c27.6-35.3 44-79.7 44-128C416 93.1 322.9 0 208 0S0 93.1 0 208s93.1 208 208 208c48.3 0 92.7-16.4 128-44v16.3c0 6.4 2.5 12.5 7 17l99.7 99.7c9.4 9.4 24.6 9.4 33.9 0l28.3-28.3c9.4-9.4 9.4-24.6.1-34zM208 336c-70.7 0-128-57.2-128-128 0-70.7 57.2-128 128-128 70.7 0 128 57.2 128 128 0 70.7-57.2 128-128 128z",
                  ],
                  "iconName": "search",
                  "prefix": "fas",
                }
              }
              inverse={false}
              listItem={false}
              mask={null}
              pull={null}
              pulse={false}
              rotation={null}
              size={null}
              spin={false}
              swapOpacity={false}
              symbol={false}
              title=""
              transform={null}
            />
          </InputGroupText>
        </InputGroupAddon>
        <Input
          autoFocus={true}
          onChange={[Function]}
          placeholder="Filter by name or labels"
          type="text"
        />
      </InputGroup>
    </Col>
    <Col
      className="d-flex flex-row-reverse"
      md="3"
      tag="div"
      widths={
        Array [
          "xs",
          "sm",
          "md",
          "lg",
          "xl",
        ]
      }
      xs="2"
    >
      <Memo(Checkbox)
        checked={false}
        id="show-annotations-toggler"
        onChange={[Function]}
      >
        <span
          style={
            Object {
              "fontSize": "0.9rem",
              "lineHeight": 1.9,
            }
          }
        >
          Show annotations
        </span>
      </Memo(Checkbox)>
    </Col>
  </Row>
</Fragment>
`;
